2026-06-02T15:58:37.434+07:00  INFO 34552 --- [library-management] [main] c.e.l.LibraryManagementApplication       : Starting LibraryManagementApplication using Java 23.0.2 with PID 34552 (C:\Users\baona\Desktop\School\25-26\Co-op 26\TT Viettel\Project\TT_Viettel_Software-Library_Management\target\classes started by baona in C:\Users\baona\Desktop\School\25-26\Co-op 26\TT Viettel\Project\TT_Viettel_Software-Library_Management)
2026-06-02T15:58:37.438+07:00  INFO 34552 --- [library-management] [main] c.e.l.LibraryManagementApplication       : No active profile set, falling back to 1 default profile: "default"
2026-06-02T15:58:38.205+07:00  INFO 34552 --- [library-management] [main] .s.d.r.c.RepositoryConfigurationDelegate : Bootstrapping Spring Data JPA repositories in DEFAULT mode.
2026-06-02T15:58:38.282+07:00  INFO 34552 --- [library-management] [main] .s.d.r.c.RepositoryConfigurationDelegate : Finished Spring Data repository scanning in 68 ms. Found 5 JPA repository interfaces.
2026-06-02T15:58:38.904+07:00  INFO 34552 --- [library-management] [main] o.s.boot.tomcat.TomcatWebServer          : Tomcat initialized with port 8080 (http)
2026-06-02T15:58:38.917+07:00  INFO 34552 --- [library-management] [main] o.apache.catalina.core.StandardService   : Starting service [Tomcat]
2026-06-02T15:58:38.917+07:00  INFO 34552 --- [library-management] [main] o.apache.catalina.core.StandardEngine    : Starting Servlet engine: [Apache Tomcat/11.0.21]
2026-06-02T15:58:38.961+07:00  INFO 34552 --- [library-management] [main] b.w.c.s.WebApplicationContextInitializer : Root WebApplicationContext: initialization completed in 1461 ms
2026-06-02T15:58:39.074+07:00  INFO 34552 --- [library-management] [main] org.hibernate.orm.jpa                    : HHH008540: Processing PersistenceUnitInfo [name: default]
2026-06-02T15:58:39.131+07:00  INFO 34552 --- [library-management] [main] org.hibernate.orm.core                   : HHH000001: Hibernate ORM core version 7.2.12.Final
2026-06-02T15:58:39.538+07:00  INFO 34552 --- [library-management] [main] o.s.o.j.p.SpringPersistenceUnitInfo      : No LoadTimeWeaver setup: ignoring JPA class transformer
2026-06-02T15:58:39.570+07:00  INFO 34552 --- [library-management] [main] com.zaxxer.hikari.HikariDataSource       : HikariPool-1 - Starting...
2026-06-02T15:58:40.001+07:00  INFO 34552 --- [library-management] [main] com.zaxxer.hikari.pool.HikariPool        : HikariPool-1 - Added connection com.mysql.cj.jdbc.ConnectionImpl@2f60e66a
2026-06-02T15:58:40.002+07:00  INFO 34552 --- [library-management] [main] com.zaxxer.hikari.HikariDataSource       : HikariPool-1 - Start completed.
2026-06-02T15:58:40.096+07:00  INFO 34552 --- [library-management] [main] org.hibernate.orm.connections.pooling    : HHH10001005: Database info:
	Database JDBC URL [jdbc:mysql://localhost:3306/library_db]
	Database driver: MySQL Connector/J
	Database dialect: MySQLDialect
	Database version: 8.0.39
	Default catalog/schema: library_db/undefined
	Autocommit mode: undefined/unknown
	Isolation level: REPEATABLE_READ [default REPEATABLE_READ]
	JDBC fetch size: none
	Pool: DataSourceConnectionProvider
	Minimum pool size: undefined/unknown
	Maximum pool size: undefined/unknown
2026-06-02T15:58:41.214+07:00  INFO 34552 --- [library-management] [main] org.hibernate.orm.core                   : HHH000489: No JTA platform available (set 'hibernate.transaction.jta.platform' to enable JTA platform integration)
2026-06-02T15:58:41.318+07:00  INFO 34552 --- [library-management] [main] j.LocalContainerEntityManagerFactoryBean : Initialized JPA EntityManagerFactory for persistence unit 'default'
2026-06-02T15:58:41.376+07:00  INFO 34552 --- [library-management] [main] o.s.d.j.r.query.QueryEnhancerFactories   : Hibernate is in classpath; If applicable, HQL parser will be used.
2026-06-02T15:58:41.713+07:00  INFO 34552 --- [library-management] [main] eAuthenticationProviderManagerConfigurer : Global AuthenticationManager configured with AuthenticationProvider bean with name authenticationProvider
2026-06-02T15:58:41.713+07:00  WARN 34552 --- [library-management] [main] r$InitializeUserDetailsManagerConfigurer : Global AuthenticationManager configured with an AuthenticationProvider bean. UserDetailsService beans will not be used by Spring Security for automatically configuring username/password login. Consider removing the AuthenticationProvider bean. Alternatively, consider using the UserDetailsService in a manually instantiated DaoAuthenticationProvider. If the current configuration is intentional, to turn off this warning, increase the logging level of 'org.springframework.security.config.annotation.authentication.configuration.InitializeUserDetailsBeanManagerConfigurer' to ERROR
2026-06-02T15:58:41.811+07:00  WARN 34552 --- [library-management] [main] JpaBaseConfiguration$JpaWebConfiguration : spring.jpa.open-in-view is enabled by default. Therefore, database queries may be performed during view rendering. Explicitly configure spring.jpa.open-in-view to disable this warning
2026-06-02T15:58:42.319+07:00  INFO 34552 --- [library-management] [main] o.s.boot.tomcat.TomcatWebServer          : Tomcat started on port 8080 (http) with context path '/api'
2026-06-02T15:58:42.325+07:00  INFO 34552 --- [library-management] [main] c.e.l.LibraryManagementApplication       : Started LibraryManagementApplication in 5.442 seconds (process running for 5.982)
2026-06-02T15:58:49.590+07:00  INFO 34552 --- [library-management] [http-nio-8080-exec-1] o.a.c.c.C.[Tomcat].[localhost].[/api]    : Initializing Spring DispatcherServlet 'dispatcherServlet'
2026-06-02T15:58:49.592+07:00  INFO 34552 --- [library-management] [http-nio-8080-exec-1] o.s.web.servlet.DispatcherServlet        : Initializing Servlet 'dispatcherServlet'
2026-06-02T15:58:49.593+07:00  INFO 34552 --- [library-management] [http-nio-8080-exec-1] o.s.web.servlet.DispatcherServlet        : Completed initialization in 1 ms
2026-06-02T15:58:50.868+07:00  INFO 34552 --- [library-management] [http-nio-8080-exec-1] c.e.l.service.AuthService                : Authorizing @tyler, ID #1
2026-06-02T15:59:47.997+07:00  INFO 34552 --- [library-management] [SpringApplicationShutdownHook] o.s.boot.tomcat.GracefulShutdown         : Commencing graceful shutdown. Waiting for active requests to complete
2026-06-02T15:59:48.006+07:00  INFO 34552 --- [library-management] [tomcat-shutdown] o.s.boot.tomcat.GracefulShutdown         : Graceful shutdown complete
2026-06-02T15:59:48.010+07:00  INFO 34552 --- [library-management] [SpringApplicationShutdownHook] j.LocalContainerEntityManagerFactoryBean : Closing JPA EntityManagerFactory for persistence unit 'default'
2026-06-02T15:59:48.012+07:00  INFO 34552 --- [library-management] [SpringApplicationShutdownHook] com.zaxxer.hikari.HikariDataSource       : HikariPool-1 - Shutdown initiated...
2026-06-02T15:59:48.019+07:00  INFO 34552 --- [library-management] [SpringApplicationShutdownHook] com.zaxxer.hikari.HikariDataSource       : HikariPool-1 - Shutdown completed.
